// Jest Snapshot v1, https://goo.gl/fbAQLP

exports[`<GifGrid /> debe de mostrarse correctamente 1`] = `
<Fragment>
  <h3
    className="animate_animated animate__fadeIn"
  >
    One Punch
  </h3>
  <p
    className="animate_animated animate__flash"
  >
    Loading
  </p>
  <div
    className="card-grid"
  />
</Fragment>
`;
