// Jest Snapshot v1, https://goo.gl/fbAQLP

exports[`test on GifGridItem should show component 1`] = `
<div
  className="card animate_animated animate__fadeIn"
>
  <img
    alt="Un titulo"
    src="https://localhost/algo.jpg"
  />
  <p>
    Un titulo
  </p>
</div>
`;
